
> complejo@0.0.0 build
> vite build

[36mvite v7.3.1 [32mbuilding client environment for production...[36m[39m
transforming...
[32mÔ£ô[39m 31 modules transformed.
node.exe : 
[31mÔ£ù[39m Build 
failed in 846ms
En línea: 1 Carácter: 1
+ & "C:\Program 
Files\nodejs/node.exe" 
"C:\Program 
Files\nodejs/node_mo 
...
+ ~~~~~~~~~~~~~~~~~~~~~
~~~~~~~~~~~~~~~~~~~~~~~
~~~~~~~~~~~~~~~~~~~~~~~
~~
    + CategoryInfo     
         : NotSpecifi  
  ed: ([31mÔ£ù[39m   
  Build failed in 8    
46ms:String) [], R    
emoteException
    + FullyQualifiedEr 
   rorId : NativeComm  
  andError
 
[31merror during 
build:
[31msrc/modules/client
es/index.js (3:7): 
Identifier "Home" has 
already been 
declared[31m
file: [36mD:/USUARIO/D
esktop/complejo/src/mod
ules/clientes/index.js:
3:7[31m
[33m
1: // M├│dulo clientes
2: import Home from 
'./pages/Home';
3: import Home from 
'./pages/Home';
          ^
4: import Progress 
from 
'./pages/Progress';
5: import School from 
'./pages/School';
[31m
    at getRollupError (
file:///D:/USUARIO/Desk
top/complejo/node_modul
es/rollup/dist/es/share
d/parseAst.js:402:41)
    at error (file:///D
:/USUARIO/Desktop/compl
ejo/node_modules/rollup
/dist/es/shared/parseAs
t.js:398:42)
    at Module.error (fi
le:///D:/USUARIO/Deskto
p/complejo/node_modules
/rollup/dist/es/shared/
node-entry.js:17040:16)
    at 
Module.addImport (file:
///D:/USUARIO/Desktop/c
omplejo/node_modules/ro
llup/dist/es/shared/nod
e-entry.js:17567:22)
    at ImportDeclaratio
n.initialise (file:///D
:/USUARIO/Desktop/compl
ejo/node_modules/rollup
/dist/es/shared/node-en
try.js:13090:28)
    at convertNode (fil
e:///D:/USUARIO/Desktop
/complejo/node_modules/
rollup/dist/es/shared/n
ode-entry.js:16437:10)
    at convertNodeList 
(file:///D:/USUARIO/Des
ktop/complejo/node_modu
les/rollup/dist/es/shar
ed/node-entry.js:16447:
38)
    at Array.program (f
ile:///D:/USUARIO/Deskt
op/complejo/node_module
s/rollup/dist/es/shared
/node-entry.js:16297:21
)
    at convertNode (fil
e:///D:/USUARIO/Desktop
/complejo/node_modules/
rollup/dist/es/shared/n
ode-entry.js:16436:28)
    at convertProgram (
file:///D:/USUARIO/Desk
top/complejo/node_modul
es/rollup/dist/es/share
d/node-entry.js:15677:1
2)[39m
